[apis.google.com/js/platform7884.js]
[daotao.hutech.edu.vn/Images/Edusoft.gif]
[daotao.hutech.edu.vn/JS/dialog.js]
[daotao.hutech.edu.vn/JS/checkdate.js]
[daotao.hutech.edu.vn/JS/balloontip.js]
[backblue.gif]
[fade.gif]
[index.html]
[daotao.hutech.edu.vn/App_Themes/Standard/Standard.css]
[daotao.hutech.edu.vn/App_Themes/Standard/Images/background.png]
[daotao.hutech.edu.vn/WebResource3074.axd]
[daotao.hutech.edu.vn/WebResource0fe8.axd]
[daotao.hutech.edu.vn/WebResource41a2.axd]
[daotao.hutech.edu.vn/ScriptResource91ad.js]
[daotao.hutech.edu.vn/ScriptResourced55c.js]
[daotao.hutech.edu.vn/JS/jquery-2.2.1.js]
[daotao.hutech.edu.vn/ScriptResourced9ee.js]
[daotao.hutech.edu.vn/ScriptResource3191.axd]
[daotao.hutech.edu.vn/ScriptResourcea0b4.axd]
[daotao.hutech.edu.vn/ScriptResource3be6.axd]
[daotao.hutech.edu.vn/ScriptResource1350.axd]
[daotao.hutech.edu.vn/ScriptResource957d.axd]
[daotao.hutech.edu.vn/ScriptResourcee73d.axd]
[daotao.hutech.edu.vn/ScriptResource56b6.axd]
[daotao.hutech.edu.vn/ScriptResourcebce2.axd]
[daotao.hutech.edu.vn/ScriptResource4ce2.axd]
[daotao.hutech.edu.vn/MessageFile/banner.jpg]
[daotao.hutech.edu.vn/App_Themes/Standard/Images/US.gif]
[daotao.hutech.edu.vn/App_Themes/Standard/Images/VI.gif]
[daotao.hutech.edu.vn/js/myriadpro-bold.otf]
[daotao.hutech.edu.vn/Images/header.png]
[daotao.hutech.edu.vn/WebResourcefd22.axd]
[daotao.hutech.edu.vn/WebResourcee71c.axd]
[ajax.aspnetcdn.com/ajax/jQuery/jquery-2.2.3.min.js]
[sp.zalo.me/plugins/sdk.js]
[daotao.hutech.edu.vn/App_Themes/Standard/Images/menuLogLeft.png]
[daotao.hutech.edu.vn/App_Themes/Standard/Images/loginGiua.png]
[daotao.hutech.edu.vn/App_Themes/Standard/Images/menuNavigateLogRight.png]
[daotao.hutech.edu.vn/App_Themes/Standard/Images/icon_04b.gif]
[daotao.hutech.edu.vn/js/graph-js-sdk-web.js]
[daotao.hutech.edu.vn/Upload/file/huong dan dang ky mon hoc Video web.wmv]
[daotao.hutech.edu.vn/Upload/file/tbvvhoclai_1083_new.pdf]
[daotao.hutech.edu.vn/Upload/file/HDDKMH.doc]
[kjur.github.io/jsrsasign/jsrsasign-latest-all-min.js]
[daotao.hutech.edu.vn/Upload/file/MH tuong duong/MHTD CNTT.xls]
[daotao.hutech.edu.vn/Upload/file/MH tuong duong/MHTD CNSH-TP-MT.xlsx]
[daotao.hutech.edu.vn/Upload/file/MH tuong duong/MHTD CDDT.xls]
[daotao.hutech.edu.vn/Upload/file/MH tuong duong/MHTD KTMT.xls]
[daotao.hutech.edu.vn/Upload/file/MH tuong duong/MHTD KT-TC-NH.xls]
[daotao.hutech.edu.vn/Upload/file/MH tuong duong/MHTD LLCT.xls]
[daotao.hutech.edu.vn/Upload/file/MH tuong duong/MHTD LUAT.xls]
[daotao.hutech.edu.vn/Upload/file/MH tuong duong/MHTD NB.xls]
[daotao.hutech.edu.vn/Upload/file/MH tuong duong/MHTD NN.xls]
[daotao.hutech.edu.vn/Upload/file/MH tuong duong/Khoa-QTDLNHKS.xls]
[daotao.hutech.edu.vn/Upload/file/MH tuong duong/MHTD QTKD.xls]
[daotao.hutech.edu.vn/Upload/file/MH tuong duong/MHTD XD.xls]
[daotao.hutech.edu.vn/Upload/file/MH tuong duong/MHTD KHXH-NV.xls]
[daotao.hutech.edu.vn/Upload/file/MH tuong duong/MHTD TT.Anh Ngu.xls]
[daotao.hutech.edu.vn/Upload/file/MH tuong duong/MHTD TT.Ky nang nghe.xls]
[daotao.hutech.edu.vn/Upload/file/MH tuong duong/MHTD TT.Tin hoc.xls]
[daotao.hutech.edu.vn/Upload/file/MH tuong duong/KHOA DUOC.xlsx]
[daotao.hutech.edu.vn/Upload/file/MH tuong duong/MHTD P.DT.xls]
[daotao.hutech.edu.vn/Upload/file/MH tuong duong/TTDPT_Mon tuong duong.xlsx]
[daotao.hutech.edu.vn/Upload/file/HƯỚNG DẪN ĐĂNG KÝ MÔN HỌC TỰ CHỌN KHÓA 20161.doc]
[daotao.hutech.edu.vn/Upload/file/MH co tai lieu/HD_HMH1.doc]
[daotao.hutech.edu.vn/Upload/file/HD_RMH1.doc]
[daotao.hutech.edu.vn/Upload/file/phieu ket qua dang ky hoc phan.bmp]
[daotao.hutech.edu.vn/App_Themes/Standard/Images/arrow_r.gif]
[daotao.hutech.edu.vn/App_Themes/Standard/Images/images.jpg]
[daotao.hutech.edu.vn/App_Themes/Standard/Images/Bull9.gif]
[daotao.hutech.edu.vn/App_Themes/Standard/Images/icon_11c.gif]
[daotao.hutech.edu.vn/App_Themes/Standard/Images/iconHome.png]
[daotao.hutech.edu.vn/App_Themes/Standard/Images/topTen.gif]
[daotao.hutech.edu.vn/index.html]
[daotao.hutech.edu.vn/JS/balloontip.css]
[daotao.hutech.edu.vn/images/button_small_inactive.png]
[daotao.hutech.edu.vn/WebResource6e49.css]
[daotao.hutech.edu.vn/App_Themes/Standard/Images/Background-2.png]
[daotao.hutech.edu.vn/App_Themes/Standard/Images/MenuBgLeft.png]
[daotao.hutech.edu.vn/App_Themes/Standard/Images/MenuBgRight.png]
[daotao.hutech.edu.vn/App_Themes/Standard/Images/MenuBg.png]
[daotao.hutech.edu.vn/App_Themes/Standard/Images/phone-icon.png]
[daotao.hutech.edu.vn/App_Themes/Standard/Images/left-phone.png]
[daotao.hutech.edu.vn/App_Themes/Standard/Images/center-phone.png]
[daotao.hutech.edu.vn/App_Themes/Standard/Images/right-phone.png]
[daotao.hutech.edu.vn/App_Themes/Standard/Images/over-left-menu.png]
[daotao.hutech.edu.vn/App_Themes/Standard/Images/over-center-menu.png]
[daotao.hutech.edu.vn/App_Themes/Standard/Images/over-right-menu.png]
[daotao.hutech.edu.vn/App_Themes/Standard/Images/line-menu.png]
[daotao.hutech.edu.vn/App_Themes/Standard/Images/button.png]
[daotao.hutech.edu.vn/App_Themes/Standard/Images/buttonL.png]
[daotao.hutech.edu.vn/App_Themes/Standard/Images/buttonOverL.png]
[daotao.hutech.edu.vn/App_Themes/Standard/Images/butonleft.png]
[daotao.hutech.edu.vn/App_Themes/Standard/Images/butonleft2.png]
[daotao.hutech.edu.vn/App_Themes/Standard/Images/butongiua.png]
[daotao.hutech.edu.vn/App_Themes/Standard/Images/butongiua2.png]
[daotao.hutech.edu.vn/App_Themes/Standard/Images/butonright.png]
[daotao.hutech.edu.vn/App_Themes/Standard/Images/butonright2.png]
[daotao.hutech.edu.vn/App_Themes/Standard/Images/buttonOver.png]
[daotao.hutech.edu.vn/App_Themes/Standard/Images/menuLogRight.png]
[daotao.hutech.edu.vn/App_Themes/Standard/Images/icons-link.png]
[daotao.hutech.edu.vn/App_Themes/Standard/Images/content-line.png]
[daotao.hutech.edu.vn/App_Themes/Standard/Images/quick-searchbg.png]
[daotao.hutech.edu.vn/App_Themes/Standard/Images/Block-Top-Left.png]
[daotao.hutech.edu.vn/App_Themes/Standard/Images/Block-Top-Center.png]
[daotao.hutech.edu.vn/App_Themes/Standard/Images/Block-Icon.png]
[daotao.hutech.edu.vn/App_Themes/Standard/Images/Block-Top-Right.png]
[daotao.hutech.edu.vn/App_Themes/Standard/Images/Block-Center-Left.png]
[daotao.hutech.edu.vn/App_Themes/Standard/Images/Block-Center-Right.png]
[daotao.hutech.edu.vn/App_Themes/Standard/Images/Block-Bottom-Left.png]
[daotao.hutech.edu.vn/App_Themes/Standard/Images/Block-Bottom-Center.png]
[daotao.hutech.edu.vn/App_Themes/Standard/Images/Block-Bottom-Right.png]
[daotao.hutech.edu.vn/App_Themes/Standard/Images/icons.png]
[daotao.hutech.edu.vn/App_Themes/Standard/Images/top-info.png]
[daotao.hutech.edu.vn/App_Themes/Standard/Images/center-infor.png]
[daotao.hutech.edu.vn/App_Themes/Standard/Images/bottom-infor.png]
[daotao.hutech.edu.vn/App_Themes/Standard/Images/FooterBg.png]
[daotao.hutech.edu.vn/App_Themes/Standard/Images/bg_snow.gif]
[daotao.hutech.edu.vn/App_Themes/Standard/Images/kecham.png]
[daotao.hutech.edu.vn/App_Themes/Standard/Standard.css]
[daotao.hutech.edu.vn/App_Themes/Standard/StyleSheet.css]
[daotao.hutech.edu.vn/WebResource7ba2.js]
[daotao.hutech.edu.vn/ajaxpro/prototype.js]
[daotao.hutech.edu.vn/ajaxpro/core.js]
[daotao.hutech.edu.vn/ajaxpro/converter.js]
[daotao.hutech.edu.vn/ajaxpro/EduSoft.Web.DefaultMaster,EduSoft.Web.js]
[daotao.hutech.edu.vn/ajaxpro/EduSoft.Web.UC.Logout,EduSoft.Web.js]
[daotao.hutech.edu.vn/ajaxpro/EduSoft.Web.UC.GioiThieu,EduSoft.Web.js]
[daotao.hutech.edu.vn/ajaxpro/EduSoft.Web.UC.DangNhap,EduSoft.Web.js]
[daotao.hutech.edu.vn/ajaxpro/EduSoft.Web.UC.Footer,EduSoft.Web.js]
[daotao.hutech.edu.vn/ScriptResource91ad.js]
[daotao.hutech.edu.vn/ScriptResourced55c.js]
[daotao.hutech.edu.vn/ScriptResourced9ee.js]
[daotao.hutech.edu.vn/Images/bg_heading_thongbao.png]
[daotao.hutech.edu.vn/Defaultcc50.html]
[daotao.hutech.edu.vn/Default954b.html]
[daotao.hutech.edu.vn/js/Login365_1.html]
[daotao.hutech.edu.vn/js/Login365.html]
[daotao.hutech.edu.vn/defaultdd5c.html]
[daotao.hutech.edu.vn/Upload/file/Danh muc HP tuong duong - LLCT.html]
[daotao.hutech.edu.vn/Upload/file/Danh muc HP tuong duong - CNTP.html]
[daotao.hutech.edu.vn/defaultcc50-2.html]
[daotao.hutech.edu.vn/Upload/file/MH tuong duong/MHTD CNSH-TP-MT.xls]
[daotao.hutech.edu.vn/Upload/file/MH co tai lieu/HD_RMH.doc]
[daotao.hutech.edu.vn/default47eb.html]
[daotao.hutech.edu.vn/defaultb398.html]
[daotao.hutech.edu.vn/default85eb.html]
[daotao.hutech.edu.vn/defaultb2c9.html]
[daotao.hutech.edu.vn/defaultdcdb.html]
[daotao.hutech.edu.vn/default7590.html]
[daotao.hutech.edu.vn/Default.html]
[daotao.hutech.edu.vn/Images/logo new.bmp]
[daotao.hutech.edu.vn/Images/content-img.png]
[daotao.hutech.edu.vn/Defaultdcbc.html]
[daotao.hutech.edu.vn/App_Themes/Standard/App_Themes/Standard/Images/menuNavigateLog.html]
[daotao.hutech.edu.vn/App_Themes/Standard/App_Themes/Standard/Images/baseBackground.html]
[daotao.hutech.edu.vn/POST.html]
[daotao.hutech.edu.vn/Firefox/index.html]
[daotao.hutech.edu.vn/AppleWebKit/index.html]
[daotao.hutech.edu.vn/Opera/index.html]
